// Jest Snapshot v1, https://goo.gl/fbAQLP

exports[`Nav should properly render snapshot 1`] = `
ShallowWrapper {
  Symbol(enzyme.__root__): [Circular],
  Symbol(enzyme.__unrendered__): <Nav
    fetchInfo={[MockFunction]}
  />,
  Symbol(enzyme.__renderer__): Object {
    "batchedUpdates": [Function],
    "getNode": [Function],
    "render": [Function],
    "simulateError": [Function],
    "simulateEvent": [Function],
    "unmount": [Function],
  },
  Symbol(enzyme.__node__): Object {
    "instance": null,
    "key": undefined,
    "nodeType": "host",
    "props": Object {
      "children": Array [
        <Icon
          choice="people"
          classes="inactive"
          url="http://icons.iconarchive.com/icons/sensibleworld/starwars/64/Leia-icon.png"
        />,
        <Icon
          choice="planets"
          classes="inactive"
          url="http://icons.iconarchive.com/icons/sensibleworld/starwars/64/Death-Star-icon.png"
        />,
        <Icon
          choice="vehicles"
          classes="inactive"
          url="http://icons.iconarchive.com/icons/sensibleworld/starwars/64/Millennium-Falcon-icon.png"
        />,
      ],
      "className": "nav",
    },
    "ref": null,
    "rendered": Array [
      Object {
        "instance": null,
        "key": "0",
        "nodeType": "function",
        "props": Object {
          "choice": "people",
          "classes": "inactive",
          "getInfo": undefined,
          "url": "http://icons.iconarchive.com/icons/sensibleworld/starwars/64/Leia-icon.png",
        },
        "ref": null,
        "rendered": null,
        "type": [Function],
      },
      Object {
        "instance": null,
        "key": "1",
        "nodeType": "function",
        "props": Object {
          "choice": "planets",
          "classes": "inactive",
          "getInfo": undefined,
          "url": "http://icons.iconarchive.com/icons/sensibleworld/starwars/64/Death-Star-icon.png",
        },
        "ref": null,
        "rendered": null,
        "type": [Function],
      },
      Object {
        "instance": null,
        "key": "2",
        "nodeType": "function",
        "props": Object {
          "choice": "vehicles",
          "classes": "inactive",
          "getInfo": undefined,
          "url": "http://icons.iconarchive.com/icons/sensibleworld/starwars/64/Millennium-Falcon-icon.png",
        },
        "ref": null,
        "rendered": null,
        "type": [Function],
      },
    ],
    "type": "div",
  },
  Symbol(enzyme.__nodes__): Array [
    Object {
      "instance": null,
      "key": undefined,
      "nodeType": "host",
      "props": Object {
        "children": Array [
          <Icon
            choice="people"
            classes="inactive"
            url="http://icons.iconarchive.com/icons/sensibleworld/starwars/64/Leia-icon.png"
          />,
          <Icon
            choice="planets"
            classes="inactive"
            url="http://icons.iconarchive.com/icons/sensibleworld/starwars/64/Death-Star-icon.png"
          />,
          <Icon
            choice="vehicles"
            classes="inactive"
            url="http://icons.iconarchive.com/icons/sensibleworld/starwars/64/Millennium-Falcon-icon.png"
          />,
        ],
        "className": "nav",
      },
      "ref": null,
      "rendered": Array [
        Object {
          "instance": null,
          "key": "0",
          "nodeType": "function",
          "props": Object {
            "choice": "people",
            "classes": "inactive",
            "getInfo": undefined,
            "url": "http://icons.iconarchive.com/icons/sensibleworld/starwars/64/Leia-icon.png",
          },
          "ref": null,
          "rendered": null,
          "type": [Function],
        },
        Object {
          "instance": null,
          "key": "1",
          "nodeType": "function",
          "props": Object {
            "choice": "planets",
            "classes": "inactive",
            "getInfo": undefined,
            "url": "http://icons.iconarchive.com/icons/sensibleworld/starwars/64/Death-Star-icon.png",
          },
          "ref": null,
          "rendered": null,
          "type": [Function],
        },
        Object {
          "instance": null,
          "key": "2",
          "nodeType": "function",
          "props": Object {
            "choice": "vehicles",
            "classes": "inactive",
            "getInfo": undefined,
            "url": "http://icons.iconarchive.com/icons/sensibleworld/starwars/64/Millennium-Falcon-icon.png",
          },
          "ref": null,
          "rendered": null,
          "type": [Function],
        },
      ],
      "type": "div",
    },
  ],
  Symbol(enzyme.__options__): Object {
    "adapter": ReactSixteenAdapter {
      "options": Object {
        "enableComponentDidUpdateOnSetState": true,
        "lifecycles": Object {
          "componentDidUpdate": Object {
            "onSetState": true,
          },
          "getDerivedStateFromProps": true,
          "getSnapshotBeforeUpdate": true,
          "setState": Object {
            "skipsComponentDidUpdateOnNullish": true,
          },
        },
      },
    },
  },
}
`;
