// Jest Snapshot v1, https://goo.gl/fbAQLP

exports[`Favorites should properly render snapshot 1`] = `
ShallowWrapper {
  Symbol(enzyme.__root__): [Circular],
  Symbol(enzyme.__unrendered__): <Favorites
    newScroll={[MockFunction]}
  />,
  Symbol(enzyme.__renderer__): Object {
    "batchedUpdates": [Function],
    "getNode": [Function],
    "render": [Function],
    "simulateError": [Function],
    "simulateEvent": [Function],
    "unmount": [Function],
  },
  Symbol(enzyme.__node__): Object {
    "instance": null,
    "key": undefined,
    "nodeType": "host",
    "props": Object {
      "children": Array [
        <h2
          className="swapi"
          onClick={[MockFunction]}
        >
          SWAPI BOX
        </h2>,
        <Icon
          classes="inactive"
          optText="undefined favorites"
          url="http://icons.iconarchive.com/icons/sensibleworld/starwars/64/R2D2-icon.png"
        />,
      ],
      "className": "favorites",
    },
    "ref": null,
    "rendered": Array [
      Object {
        "instance": null,
        "key": undefined,
        "nodeType": "host",
        "props": Object {
          "children": "SWAPI BOX",
          "className": "swapi",
          "onClick": [MockFunction],
        },
        "ref": null,
        "rendered": "SWAPI BOX",
        "type": "h2",
      },
      Object {
        "instance": null,
        "key": undefined,
        "nodeType": "function",
        "props": Object {
          "classes": "inactive",
          "getInfo": undefined,
          "optText": "undefined favorites",
          "url": "http://icons.iconarchive.com/icons/sensibleworld/starwars/64/R2D2-icon.png",
        },
        "ref": null,
        "rendered": null,
        "type": [Function],
      },
    ],
    "type": "div",
  },
  Symbol(enzyme.__nodes__): Array [
    Object {
      "instance": null,
      "key": undefined,
      "nodeType": "host",
      "props": Object {
        "children": Array [
          <h2
            className="swapi"
            onClick={[MockFunction]}
          >
            SWAPI BOX
          </h2>,
          <Icon
            classes="inactive"
            optText="undefined favorites"
            url="http://icons.iconarchive.com/icons/sensibleworld/starwars/64/R2D2-icon.png"
          />,
        ],
        "className": "favorites",
      },
      "ref": null,
      "rendered": Array [
        Object {
          "instance": null,
          "key": undefined,
          "nodeType": "host",
          "props": Object {
            "children": "SWAPI BOX",
            "className": "swapi",
            "onClick": [MockFunction],
          },
          "ref": null,
          "rendered": "SWAPI BOX",
          "type": "h2",
        },
        Object {
          "instance": null,
          "key": undefined,
          "nodeType": "function",
          "props": Object {
            "classes": "inactive",
            "getInfo": undefined,
            "optText": "undefined favorites",
            "url": "http://icons.iconarchive.com/icons/sensibleworld/starwars/64/R2D2-icon.png",
          },
          "ref": null,
          "rendered": null,
          "type": [Function],
        },
      ],
      "type": "div",
    },
  ],
  Symbol(enzyme.__options__): Object {
    "adapter": ReactSixteenAdapter {
      "options": Object {
        "enableComponentDidUpdateOnSetState": true,
        "lifecycles": Object {
          "componentDidUpdate": Object {
            "onSetState": true,
          },
          "getDerivedStateFromProps": true,
          "getSnapshotBeforeUpdate": true,
          "setState": Object {
            "skipsComponentDidUpdateOnNullish": true,
          },
        },
      },
    },
  },
}
`;
