// Jest Snapshot v1, https://goo.gl/fbAQLP

exports[`ScrollBox should properly render snapshot 1`] = `
ShallowWrapper {
  Symbol(enzyme.__root__): [Circular],
  Symbol(enzyme.__unrendered__): <scrollBox
    crawlText="Some text to display here"
  />,
  Symbol(enzyme.__renderer__): Object {
    "batchedUpdates": [Function],
    "getNode": [Function],
    "render": [Function],
    "simulateError": [Function],
    "simulateEvent": [Function],
    "unmount": [Function],
  },
  Symbol(enzyme.__node__): Object {
    "instance": null,
    "key": undefined,
    "nodeType": "host",
    "props": Object {
      "behavior": "scroll",
      "children": <div>
        <p>
          Some text to display here
        </p>
        <p
          className="title"
        >
          <span>
                  
          </span>
        </p>
      </div>,
      "className": "scroll",
      "direction": "up",
      "scrollamount": "1.5",
    },
    "ref": null,
    "rendered": Object {
      "instance": null,
      "key": undefined,
      "nodeType": "host",
      "props": Object {
        "children": Array [
          <p>
            Some text to display here
          </p>,
          <p
            className="title"
          >
            <span>
                    
            </span>
          </p>,
        ],
      },
      "ref": null,
      "rendered": Array [
        Object {
          "instance": null,
          "key": undefined,
          "nodeType": "host",
          "props": Object {
            "children": "Some text to display here",
          },
          "ref": null,
          "rendered": "Some text to display here",
          "type": "p",
        },
        Object {
          "instance": null,
          "key": undefined,
          "nodeType": "host",
          "props": Object {
            "children": <span>
                    
            </span>,
            "className": "title",
          },
          "ref": null,
          "rendered": Object {
            "instance": null,
            "key": undefined,
            "nodeType": "host",
            "props": Object {
              "children": Array [
                undefined,
                "      ",
                undefined,
              ],
            },
            "ref": null,
            "rendered": Array [
              undefined,
              "      ",
              undefined,
            ],
            "type": "span",
          },
          "type": "p",
        },
      ],
      "type": "div",
    },
    "type": "marquee",
  },
  Symbol(enzyme.__nodes__): Array [
    Object {
      "instance": null,
      "key": undefined,
      "nodeType": "host",
      "props": Object {
        "behavior": "scroll",
        "children": <div>
          <p>
            Some text to display here
          </p>
          <p
            className="title"
          >
            <span>
                    
            </span>
          </p>
        </div>,
        "className": "scroll",
        "direction": "up",
        "scrollamount": "1.5",
      },
      "ref": null,
      "rendered": Object {
        "instance": null,
        "key": undefined,
        "nodeType": "host",
        "props": Object {
          "children": Array [
            <p>
              Some text to display here
            </p>,
            <p
              className="title"
            >
              <span>
                      
              </span>
            </p>,
          ],
        },
        "ref": null,
        "rendered": Array [
          Object {
            "instance": null,
            "key": undefined,
            "nodeType": "host",
            "props": Object {
              "children": "Some text to display here",
            },
            "ref": null,
            "rendered": "Some text to display here",
            "type": "p",
          },
          Object {
            "instance": null,
            "key": undefined,
            "nodeType": "host",
            "props": Object {
              "children": <span>
                      
              </span>,
              "className": "title",
            },
            "ref": null,
            "rendered": Object {
              "instance": null,
              "key": undefined,
              "nodeType": "host",
              "props": Object {
                "children": Array [
                  undefined,
                  "      ",
                  undefined,
                ],
              },
              "ref": null,
              "rendered": Array [
                undefined,
                "      ",
                undefined,
              ],
              "type": "span",
            },
            "type": "p",
          },
        ],
        "type": "div",
      },
      "type": "marquee",
    },
  ],
  Symbol(enzyme.__options__): Object {
    "adapter": ReactSixteenAdapter {
      "options": Object {
        "enableComponentDidUpdateOnSetState": true,
        "lifecycles": Object {
          "componentDidUpdate": Object {
            "onSetState": true,
          },
          "getDerivedStateFromProps": true,
          "getSnapshotBeforeUpdate": true,
          "setState": Object {
            "skipsComponentDidUpdateOnNullish": true,
          },
        },
      },
    },
  },
}
`;
